// Jest Snapshot v1, https://goo.gl/fbAQLP

exports[`App.vue Renders correctly 1`] = `
<div id="app">
  <div id="nav">
    <a>Home</a>
    <span> | </span>
    <a>About</a>
    <span> | </span>
    <a>Users</a>
    <!---->
  </div>
  <div class="wrapper">
    <router-view-stub name="default"></router-view-stub>
  </div>
</div>
`;
